// Jest Snapshot v1, https://goo.gl/fbAQLP

exports[`<SuspenseFallback /> renders correctly 1`] = `
<DocumentFragment>
  <div>
    <header />
    <div
      class="loading__overlay"
    >
      <div
        class="loading__content m-auto"
      >
        <div
          class="loading__spinner spinner-border"
          role="status"
        />
        <div
          class="loading__text"
        >
          <span>
            Loading...
          </span>
        </div>
      </div>
    </div>
  </div>
</DocumentFragment>
`;
