// Jest Snapshot v1, https://goo.gl/fbAQLP

exports[`Dashboad <Layout /> renders correctly 1`] = `
<DocumentFragment>
  <div
    class="card"
  >
    <div
      class="card-header"
    >
      Not Found :(
    </div>
    <div
      class="card-body"
    >
      Children go here
    </div>
  </div>
</DocumentFragment>
`;
