// Jest Snapshot v1, https://goo.gl/fbAQLP

exports[`<FlavorBrowser /> renders correctly 1`] = `
<DocumentFragment>
  <div
    class="form-group col-md-6 col-sm-9"
  >
    <div
      class="input-group"
    >
      <div
        class="input-group-prepend"
      >
        <span
          class="input-group-text"
        >
          <i
            class="fa search"
          />
        </span>
      </div>
      <input
        class="form-control"
        id="searchStash"
        name="searchStash"
        placeholder="Search stash..."
        type="text"
      />
    </div>
  </div>
  <div
    class="flavor-browser border-bottom border-top pr-0 col-md-12"
  >
    <div
      style="position: relative; height: 200px; overflow: auto; will-change: transform; direction: ltr;"
    >
      <div
        style="height: 60px; width: 100%;"
      >
        <div
          class="flavor-browser-item flavor-browser-item--striped row"
          style="position: absolute; left: 15px; top: 0px; height: 30px; width: 100%;"
        >
          <div
            class="flavor-browser-item-vendor col-md-2 col-sm-3"
          >
            CAP
          </div>
          <div
            class="col-md-6 col-sm-7"
          >
            Test
          </div>
          <div
            class="col-md-4 col-sm-2"
          >
            <button
              class="button-animation btn btn-primary btn-sm"
              type="button"
            >
              <i
                class="fa plus"
              />
            </button>
          </div>
        </div>
        <div
          class="flavor-browser-item row"
          style="position: absolute; left: 15px; top: 30px; height: 30px; width: 100%;"
        >
          <div
            class="flavor-browser-item-vendor col-md-2 col-sm-3"
          >
            FLV
          </div>
          <div
            class="col-md-6 col-sm-7"
          >
            Another
          </div>
          <div
            class="col-md-4 col-sm-2"
          >
            <button
              class="button-animation btn btn-primary btn-sm"
              type="button"
            >
              <i
                class="fa plus"
              />
            </button>
          </div>
        </div>
      </div>
    </div>
  </div>
</DocumentFragment>
`;
