// Jest Snapshot v1, https://goo.gl/fbAQLP

exports[`<Dashboard /> renders correctly 1`] = `
<DocumentFragment>
  <div
    class="container"
  >
    <div
      class="row"
    >
      <div
        class="col"
      >
        <h1>
          Dashboard
        </h1>
      </div>
    </div>
    <div
      class="row"
    >
      <div
        class="col-md-3 col-12"
      >
        <div
          class="accordion"
        >
          <div
            class="card"
          >
            <div
              class="card-body"
            >
              <i
                class="fa tachometer-alt"
              />
                
              <a
                href="#home"
              >
                Dashboard
              </a>
            </div>
          </div>
          <div
            class="card"
          >
            <div
              class="card-header"
            >
              <h3>
                <i
                  class="fa user-shield"
                />
                 Roles
              </h3>
            </div>
            <div
              class="collapse"
            >
              <div
                class="card-body"
              >
                <div>
                  <i
                    class="fa user-shield"
                  />
                    
                  <a
                    href="#roles"
                  >
                    Roles
                  </a>
                </div>
                <div>
                  <i
                    class="fa plus"
                  />
                    
                  <a
                    href="#roles/add"
                  >
                    Add Role
                  </a>
                </div>
              </div>
            </div>
          </div>
          <div
            class="card"
          >
            <div
              class="card-header"
            >
              <h3>
                <i
                  class="fa users"
                />
                 Users
              </h3>
            </div>
            <div
              class="collapse"
            >
              <div
                class="card-body"
              >
                <div>
                  <i
                    class="fa users-cog"
                  />
                    
                  <a
                    href="#users"
                  >
                    Users
                  </a>
                </div>
                <div>
                  <i
                    class="fa plus"
                  />
                    
                  <a
                    href="#users/add"
                  >
                    Add User
                  </a>
                </div>
              </div>
            </div>
          </div>
          <div
            class="card"
          >
            <div
              class="card-header"
            >
              <h3>
                <i
                  class="fa bezier-curve"
                />
                 Ingredients
              </h3>
            </div>
            <div
              class="collapse"
            >
              <div
                class="card-body"
              >
                <div>
                  <i
                    class="fa eye-dropper"
                  />
                    
                  <a
                    href="#flavors"
                  >
                    Flavors
                  </a>
                </div>
              </div>
            </div>
          </div>
          <div
            class="card"
          >
            <div
              class="card-header"
            >
              <h3>
                <i
                  class="fa database"
                />
                 Database
              </h3>
            </div>
            <div
              class="collapse"
            >
              <div
                class="card-body"
              >
                <i
                  class="fa clock"
                />
                  
                <a
                  href="#migrations"
                >
                  Migration History
                </a>
              </div>
            </div>
          </div>
        </div>
      </div>
      <div
        class="col-md-9 col-12"
      >
        <div
          class="card-columns"
        >
          <div
            class="card bg-danger text-white"
          >
            <div
              class="card-header"
            >
              Users: 
            </div>
            <div
              class="card-body"
            >
              <h3>
                Activated Users: 
              </h3>
              <h3>
                Inactive Users: NaN
              </h3>
              <h3>
                Active Tokens: 
              </h3>
            </div>
          </div>
          <div
            class="card bg-primary text-white"
          >
            <div
              class="card-body"
            >
              <h2>
                Tags: 
              </h2>
            </div>
          </div>
          <div
            class="card bg-secondary text-white"
          >
            <div
              class="card-body"
            >
              <h2>
                Vendors: 
              </h2>
            </div>
          </div>
          <div
            class="card bg-info text-white"
          >
            <div
              class="card-header"
            >
              Flavors: 
            </div>
            <div
              class="card-body"
            >
              <h2>
                Tags: 
              </h2>
            </div>
          </div>
          <div
            class="card bg-warning text-white"
          >
            <div
              class="card-header"
            >
              Recipes: 
            </div>
            <div
              class="card-body"
            >
              <h2>
                Tags: 
              </h2>
            </div>
          </div>
        </div>
        <a
          href="#home"
          title="Refresh Stats"
        >
          <i
            class="fa sync"
          />
        </a>
      </div>
    </div>
  </div>
</DocumentFragment>
`;
