// Jest Snapshot v1, https://goo.gl/fbAQLP

exports[`Page <Flavors /> matches snapshot when stash is not loaded 1`] = `
<DocumentFragment>
  <div
    class="container"
  >
    <div
      class="container-fluid"
    >
      <div
        class="text-center row"
      >
        <div
          class="col"
        >
          <h1>
            Flavors
          </h1>
        </div>
      </div>
      <div
        class="row"
      >
        <input
          class="form-control"
          type="text"
        />
      </div>
    </div>
    <div
      style="position: relative; height: 600px; overflow: auto; will-change: transform; direction: ltr;"
    >
      <div
        style="height: 200px; width: 100%;"
      >
        <div
          class="row"
          style="position: absolute; left: 0px; top: 0px; height: 40px; width: 100%;"
        >
          <div
            class="text-center col"
          >
            <button
              class="btn-toggle btn btn-primary"
              data-testid="stash-icon-1"
              title="Add to Stash"
              type="button"
            >
              <i
                class="fa far-square"
              />
            </button>
          </div>
          <div
            class="col"
          >
            Capella
          </div>
          <div
            class="col"
          >
            27 Bears
          </div>
          <div
            class="col"
          />
          <div
            class="text-right col"
          >
             g/mL
          </div>
        </div>
        <div
          class="row"
          style="position: absolute; left: 0px; top: 40px; height: 40px; width: 100%;"
        >
          <div
            class="text-center col"
          >
            <button
              class="btn-toggle btn btn-primary"
              data-testid="stash-icon-2"
              title="Add to Stash"
              type="button"
            >
              <i
                class="fa far-square"
              />
            </button>
          </div>
          <div
            class="col"
          >
            Capella
          </div>
          <div
            class="col"
          >
            27 Fish
          </div>
          <div
            class="col"
          />
          <div
            class="text-right col"
          >
             g/mL
          </div>
        </div>
        <div
          class="row"
          style="position: absolute; left: 0px; top: 80px; height: 40px; width: 100%;"
        >
          <div
            class="text-center col"
          >
            <button
              class="btn-toggle btn btn-primary"
              data-testid="stash-icon-3"
              title="Add to Stash"
              type="button"
            >
              <i
                class="fa far-square"
              />
            </button>
          </div>
          <div
            class="col"
          >
            Capella
          </div>
          <div
            class="col"
          >
            Acai
          </div>
          <div
            class="col"
          />
          <div
            class="text-right col"
          >
             g/mL
          </div>
        </div>
        <div
          class="row"
          style="position: absolute; left: 0px; top: 120px; height: 40px; width: 100%;"
        >
          <div
            class="text-center col"
          >
            <button
              class="btn-toggle btn btn-primary"
              data-testid="stash-icon-4"
              title="Add to Stash"
              type="button"
            >
              <i
                class="fa far-square"
              />
            </button>
          </div>
          <div
            class="col"
          >
            Capella
          </div>
          <div
            class="col"
          >
            Amaretto
          </div>
          <div
            class="col"
          />
          <div
            class="text-right col"
          >
             g/mL
          </div>
        </div>
        <div
          class="row"
          style="position: absolute; left: 0px; top: 160px; height: 40px; width: 100%;"
        >
          <div
            class="text-center col"
          >
            <button
              class="btn-toggle btn btn-primary"
              data-testid="stash-icon-5"
              title="Add to Stash"
              type="button"
            >
              <i
                class="fa far-square"
              />
            </button>
          </div>
          <div
            class="col"
          >
            Capella
          </div>
          <div
            class="col"
          >
            Anise
          </div>
          <div
            class="col"
          />
          <div
            class="text-right col"
          >
             g/mL
          </div>
        </div>
      </div>
    </div>
  </div>
</DocumentFragment>
`;
