// Jest Snapshot v1, https://goo.gl/fbAQLP

exports[`<Login /> renders correctly 1`] = `
<div
  className="container"
>
  <h1>
    Login
  </h1>
  <form
    className=""
    noValidate={true}
    onSubmit={[Function]}
  >
    <div
      className="form-group"
    >
      <label
        className="form-label"
      >
        Email address
      </label>
      <input
        className="form-control"
        name="emailAddress"
        onBlur={[Function]}
        onChange={[Function]}
        onFocus={[Function]}
        placeholder="someone@widgets.co"
        type="email"
        value=""
      />
    </div>
    <div
      className="form-group"
    >
      <label
        className="form-label"
      >
        Password
      </label>
      <input
        className="form-control"
        name="password"
        onBlur={[Function]}
        onChange={[Function]}
        onFocus={[Function]}
        type="password"
        value=""
      />
    </div>
    <button
      className="button-animation btn btn-primary"
      disabled={false}
      type="submit"
    >
      <span>
        Login
      </span>
    </button>
  </form>
</div>
`;
