// Jest Snapshot v1, https://goo.gl/fbAQLP

exports[`<Recipes /> renders correctly 1`] = `
<div
  className="container"
>
  <div
    className="text-center row"
  >
    <div
      className="col-lg-6 offset-lg-3"
    >
      <div
        className="input-group"
      >
        <input
          className="form-control"
        />
        <div
          className="input-group-append"
        >
          <button
            className="button-animation btn btn-primary"
            disabled={false}
            type="button"
          >
            <span>
              Search
            </span>
          </button>
        </div>
        <span
          className="my-auto ml-3 mr-1 font-weight-bold"
        >
          List
        </span>
        <label
          className="switch my-auto mx-1"
        >
          <input
            checked={true}
            onChange={[Function]}
            type="checkbox"
          />
          <span
            className="slider round"
          />
        </label>
        <span
          className="my-auto mx-1 font-weight-bold"
        >
          Grid
        </span>
      </div>
    </div>
  </div>
  <div
    className="text-center py-1 row"
  >
    <div
      className="col-lg-6 offset-lg-3"
    >
      <div
        className="accordion"
      >
        <a
          href="#"
          onClick={[Function]}
        >
          <h3
            className="font-weight-bold"
          >
            Advanced Search
          </h3>
        </a>
        <div
          aria-expanded={null}
          className="collapse"
        >
          <div
            className="m-0 p-0"
          >
            <div
              className="search-accordion"
            >
              <div
                className="py-1 input-group"
              >
                <div
                  className="input-group-prepend"
                >
                  <span
                    className="input-group-text"
                  >
                    Name
                  </span>
                </div>
                <input
                  className="form-control"
                />
              </div>
              <div
                className="py-1 input-group"
              >
                <div
                  className="input-group-prepend"
                >
                  <span
                    className="input-group-text"
                  >
                    Author
                  </span>
                </div>
                <input
                  className="form-control"
                />
              </div>
              <div
                className="py-1 input-group"
              >
                <div
                  className="input-group-prepend"
                >
                  <span
                    className="input-group-text"
                  >
                    Tags
                  </span>
                </div>
                <input
                  className="form-control"
                />
              </div>
              <div
                className="py-1 input-group"
              >
                <div
                  className="input-group-prepend"
                >
                  <span
                    className="input-group-text"
                  >
                    Flavors
                  </span>
                </div>
                <input
                  className="form-control"
                />
              </div>
            </div>
          </div>
        </div>
      </div>
    </div>
  </div>
  <div
    className="row"
  >
    <div
      className="mx-auto px-0 col-lg-3 col-md-6 col-12"
    >
      <div
        className="search-grid--card card"
      >
        <img
          alt="Thanks, Obama"
          className="card-img card-img search-grid--card-image"
          src="/media/card-test-1.jpg"
        />
        <div
          className="p-3 card-img-overlay"
        >
          <div
            className="search-grid--card-header text-center card-title h5"
          >
            <a
              href="/recipe?id=1"
            >
              Thanks, Obama
            </a>
          </div>
          <div
            className="p-0 card-body"
          >
            <p
              className="card-text"
            >
              <span
                className="font-weight-bold"
              >
                Author:
              </span>
              <a
                href="/"
              >
                <span
                  className="link--tags badge"
                >
                  JosefBud
                </span>
              </a>
            </p>
            <p
              className="search-grid--card-text tags card-text"
            >
              <span
                className="font-weight-bold"
              >
                Tags:
              </span>
            </p>
            <p
              className="card-text"
            >
              <button
                className="mx-2 button-animation btn btn-primary"
                disabled={false}
                type="button"
              >
                <span>
                  Create
                </span>
              </button>
              <button
                className="mx-2 button--favorite btn btn-primary"
                disabled={false}
                onClick={[Function]}
                type="button"
              >
                <span>
                  <i
                    className="fa far-heart"
                  />
                </span>
              </button>
              <OverlayTrigger />
            </p>
          </div>
        </div>
      </div>
    </div>
    <div
      className="mx-auto px-0 col-lg-3 col-md-6 col-12"
    >
      <div
        className="search-grid--card card"
      >
        <img
          alt="DaMomma's RY4 Delight"
          className="card-img card-img search-grid--card-image"
          src="/media/card-test-1.jpg"
        />
        <div
          className="p-3 card-img-overlay"
        >
          <div
            className="search-grid--card-header text-center card-title h5"
          >
            <a
              href="/recipe?id=2"
            >
              DaMomma's RY4 Delight
            </a>
          </div>
          <div
            className="p-0 card-body"
          >
            <p
              className="card-text"
            >
              <span
                className="font-weight-bold"
              >
                Author:
              </span>
              <a
                href="/"
              >
                <span
                  className="link--tags badge"
                >
                  Alisa
                </span>
              </a>
            </p>
            <p
              className="search-grid--card-text tags card-text"
            >
              <span
                className="font-weight-bold"
              >
                Tags:
              </span>
            </p>
            <p
              className="card-text"
            >
              <button
                className="mx-2 button-animation btn btn-primary"
                disabled={false}
                type="button"
              >
                <span>
                  Create
                </span>
              </button>
              <button
                className="mx-2 button--favorite btn btn-primary"
                disabled={false}
                onClick={[Function]}
                type="button"
              >
                <span>
                  <i
                    className="fa far-heart"
                  />
                </span>
              </button>
              <OverlayTrigger />
            </p>
          </div>
        </div>
      </div>
    </div>
    <div
      className="mx-auto px-0 col-lg-3 col-md-6 col-12"
    >
      <div
        className="search-grid--card card"
      >
        <img
          alt="Strawberry Fog"
          className="card-img card-img search-grid--card-image"
          src="/media/card-test-1.jpg"
        />
        <div
          className="p-3 card-img-overlay"
        >
          <div
            className="search-grid--card-header text-center card-title h5"
          >
            <a
              href="/recipe?id=3"
            >
              Strawberry Fog
            </a>
          </div>
          <div
            className="p-0 card-body"
          >
            <p
              className="card-text"
            >
              <span
                className="font-weight-bold"
              >
                Author:
              </span>
              <a
                href="/"
              >
                <span
                  className="link--tags badge"
                >
                  spectrometer
                </span>
              </a>
            </p>
            <p
              className="search-grid--card-text tags card-text"
            >
              <span
                className="font-weight-bold"
              >
                Tags:
              </span>
            </p>
            <p
              className="card-text"
            >
              <button
                className="mx-2 button-animation btn btn-primary"
                disabled={false}
                type="button"
              >
                <span>
                  Create
                </span>
              </button>
              <button
                className="mx-2 button--favorite btn btn-primary"
                disabled={false}
                onClick={[Function]}
                type="button"
              >
                <span>
                  <i
                    className="fa far-heart"
                  />
                </span>
              </button>
              <OverlayTrigger />
            </p>
          </div>
        </div>
      </div>
    </div>
    <div
      className="mx-auto px-0 col-lg-3 col-md-6 col-12"
    >
      <div
        className="search-grid--card card"
      >
        <img
          alt="Mother's Unicorn Milk"
          className="card-img card-img search-grid--card-image"
          src="/media/card-test-1.jpg"
        />
        <div
          className="p-3 card-img-overlay"
        >
          <div
            className="search-grid--card-header text-center card-title h5"
          >
            <a
              href="/recipe?id=4"
            >
              Mother's Unicorn Milk
            </a>
          </div>
          <div
            className="p-0 card-body"
          >
            <p
              className="card-text"
            >
              <span
                className="font-weight-bold"
              >
                Author:
              </span>
              <a
                href="/"
              >
                <span
                  className="link--tags badge"
                >
                  apwroblewski
                </span>
              </a>
            </p>
            <p
              className="search-grid--card-text tags card-text"
            >
              <span
                className="font-weight-bold"
              >
                Tags:
              </span>
            </p>
            <p
              className="card-text"
            >
              <button
                className="mx-2 button-animation btn btn-primary"
                disabled={false}
                type="button"
              >
                <span>
                  Create
                </span>
              </button>
              <button
                className="mx-2 button--favorite btn btn-primary"
                disabled={false}
                onClick={[Function]}
                type="button"
              >
                <span>
                  <i
                    className="fa far-heart"
                  />
                </span>
              </button>
              <OverlayTrigger />
            </p>
          </div>
        </div>
      </div>
    </div>
    <div
      className="mx-auto px-0 col-lg-3 col-md-6 col-12"
    >
      <div
        className="search-grid--card card"
      >
        <img
          alt="Ella's Shortbread Biscuit"
          className="card-img card-img search-grid--card-image"
          src="/media/card-test-1.jpg"
        />
        <div
          className="p-3 card-img-overlay"
        >
          <div
            className="search-grid--card-header text-center card-title h5"
          >
            <a
              href="/recipe?id=5"
            >
              Ella's Shortbread Biscuit
            </a>
          </div>
          <div
            className="p-0 card-body"
          >
            <p
              className="card-text"
            >
              <span
                className="font-weight-bold"
              >
                Author:
              </span>
              <a
                href="/"
              >
                <span
                  className="link--tags badge"
                >
                  VHM
                </span>
              </a>
            </p>
            <p
              className="search-grid--card-text tags card-text"
            >
              <span
                className="font-weight-bold"
              >
                Tags:
              </span>
            </p>
            <p
              className="card-text"
            >
              <button
                className="mx-2 button-animation btn btn-primary"
                disabled={false}
                type="button"
              >
                <span>
                  Create
                </span>
              </button>
              <button
                className="mx-2 button--favorite btn btn-primary"
                disabled={false}
                onClick={[Function]}
                type="button"
              >
                <span>
                  <i
                    className="fa far-heart"
                  />
                </span>
              </button>
              <OverlayTrigger />
            </p>
          </div>
        </div>
      </div>
    </div>
    <div
      className="mx-auto px-0 col-lg-3 col-md-6 col-12"
    >
      <div
        className="search-grid--card card"
      >
        <img
          alt="Stash Comparator Test"
          className="card-img card-img search-grid--card-image"
          src="/media/card-test-1.jpg"
        />
        <div
          className="p-3 card-img-overlay"
        >
          <div
            className="search-grid--card-header text-center card-title h5"
          >
            <a
              href="/recipe?id=6"
            >
              Stash Comparator Test
            </a>
          </div>
          <div
            className="p-0 card-body"
          >
            <p
              className="card-text"
            >
              <span
                className="font-weight-bold"
              >
                Author:
              </span>
              <a
                href="/"
              >
                <span
                  className="link--tags badge"
                >
                  JosefBud
                </span>
              </a>
            </p>
            <p
              className="search-grid--card-text tags card-text"
            >
              <span
                className="font-weight-bold"
              >
                Tags:
              </span>
            </p>
            <p
              className="card-text"
            >
              <button
                className="mx-2 button-animation btn btn-primary"
                disabled={false}
                type="button"
              >
                <span>
                  Create
                </span>
              </button>
              <button
                className="mx-2 button--favorite btn btn-primary"
                disabled={false}
                onClick={[Function]}
                type="button"
              >
                <span>
                  <i
                    className="fa far-heart"
                  />
                </span>
              </button>
              <OverlayTrigger />
            </p>
          </div>
        </div>
      </div>
    </div>
  </div>
</div>
`;
