// Jest Snapshot v1, https://goo.gl/fbAQLP

exports[`<Register /> renders correctly 1`] = `
<DocumentFragment>
  <div
    class="container"
  >
    <h1>
      User Registration
    </h1>
    <form
      class=""
      data-testid="register-form"
      novalidate=""
    >
      <div
        class="form-row"
      >
        <div
          class="form-group col-md-4"
        >
          <label
            class="form-label"
            for="username"
          >
            Username
          </label>
          <div
            class="input-group"
          >
            <div
              class="input-group-prepend"
            >
              <span
                class="input-group-text"
                id="inputGroupPrepend"
              >
                @
              </span>
            </div>
            <input
              aria-describedby="inputGroupPrepend"
              class="form-control"
              id="username"
              name="username"
              placeholder="Username"
              type="text"
              value=""
            />
          </div>
        </div>
      </div>
      <div
        class="form-row"
      >
        <div
          class="form-group col-md-6"
        >
          <label
            class="form-label"
            for="email-address"
          >
            Email Address
          </label>
          <input
            class="form-control"
            id="email-address"
            name="emailAddress"
            placeholder="Enter email"
            type="email"
            value=""
          />
          <small
            class="text-muted form-text"
          >
            We'll never share your email with anyone else.
          </small>
        </div>
        <div
          class="form-group col-md-6"
        >
          <label
            class="form-label"
            for="email-address-confirm"
          >
            Confirm Email Address
          </label>
          <input
            class="form-control"
            id="email-address-confirm"
            name="emailAddressConfirm"
            placeholder="Confirm Enter email"
            type="email"
            value=""
          />
        </div>
      </div>
      <div
        class="form-row"
      >
        <div
          class="form-group col-md-6"
        >
          <label
            class="form-label"
            for="password"
          >
            Password
          </label>
          <input
            class="form-control"
            id="password"
            name="password"
            placeholder="Enter Password"
            type="password"
            value=""
          />
        </div>
        <div
          class="form-group col-md-6"
        >
          <label
            class="form-label"
            for="password-confirm"
          >
            Confirm Password
          </label>
          <input
            class="form-control"
            id="password-confirm"
            name="passwordConfirm"
            placeholder="Confirm Password"
            type="password"
            value=""
          />
        </div>
      </div>
      <div
        class="form-row"
      >
        <div
          class="form-group"
        >
          <div
            class="form-check"
          >
            <input
              class="form-check-input"
              data-testid="terms-checkbox"
              name="termsAgreed"
              type="checkbox"
              value=""
            />
            <label
              class="form-check-label"
              title=""
            >
              I agree to comply with the Terms of Service
            </label>
          </div>
        </div>
      </div>
      <div
        class="form-row"
      >
        <div
          class="form-group col-md-2"
        >
          <button
            class="button-animation btn btn-primary"
            type="submit"
          >
            <span>
              Register
            </span>
          </button>
        </div>
      </div>
    </form>
  </div>
</DocumentFragment>
`;
