// Jest Snapshot v1, https://goo.gl/fbAQLP

exports[`<SplitSlider /> renders component correctly 1`] = `
<DocumentFragment>
  <div
    class="split-slider input-group"
  >
    <div
      class="progress-container"
    >
      <div
        class="progress"
        draggable="true"
      >
        <div
          aria-valuemax="100"
          aria-valuemin="0"
          aria-valuenow="50"
          class="progress-bar bg-success"
          role="progressbar"
          style="width: 50%;"
        >
          VG
        </div>
        <div
          aria-valuemax="100"
          aria-valuemin="0"
          aria-valuenow="50"
          class="progress-bar bg-warning"
          role="progressbar"
          style="width: 50%;"
        >
          PG
        </div>
      </div>
    </div>
    <input
      class="form-control"
      name="left"
      value="50"
    />
    <input
      class="form-control"
      name="right"
      value="50"
    />
    <div
      class="input-group-append"
    >
      <button
        class="btn btn-primary"
        type="button"
      >
        <i
          class="fa undo"
        />
      </button>
    </div>
  </div>
</DocumentFragment>
`;
