// Jest Snapshot v1, https://goo.gl/fbAQLP

exports[`<ToastDrawer /> renders connected component correctly 1`] = `
<section
  className="toast-drawer"
>
  <div
    aria-atomic="true"
    aria-live="assertive"
    className="fade toast show"
    role="alert"
  >
    <div
      className="toast-header"
    >
      <strong
        className="mr-auto"
      >
        I am a toast
      </strong>
      <button
        className="close ml-2 mb-1"
        data-dismiss="toast"
        onClick={[Function]}
        type="button"
      >
        <span
          aria-hidden="true"
        >
          ×
        </span>
        <span
          className="sr-only"
        >
          Close
        </span>
      </button>
    </div>
    <div
      className="toast-body"
    >
      Ask me anything
    </div>
  </div>
</section>
`;

exports[`<ToastDrawer /> renders correctly 1`] = `
<section
  className="toast-drawer"
>
  <div
    aria-atomic="true"
    aria-live="assertive"
    className="fade toast show"
    role="alert"
  >
    <div
      className="toast-header"
    >
      <strong
        className="mr-auto"
      >
        I am a toast
      </strong>
      <button
        className="close ml-2 mb-1"
        data-dismiss="toast"
        onClick={[Function]}
        type="button"
      >
        <span
          aria-hidden="true"
        >
          ×
        </span>
        <span
          className="sr-only"
        >
          Close
        </span>
      </button>
    </div>
    <div
      className="toast-body"
    >
      Ask me anything
    </div>
  </div>
</section>
`;

exports[`<ToastDrawer /> renders null if empty 1`] = `null`;
