// Jest Snapshot v1, https://goo.gl/fbAQLP

exports[`Dashboard <RoleDelete /> renders correctly 1`] = `
<div
  className="card"
  style={Object {}}
>
  <div
    className="card-header"
  >
    Roles &gt; Delete Role &gt; Administrator
  </div>
  <div
    className="card-body"
  >
    <i
      className="fa [object Object]"
    />
      
    <a
      href="#roles"
      onClick={[Function]}
    >
      <span>
        Back
      </span>
    </a>
    <form
      className=""
      noValidate={true}
      onSubmit={[Function]}
    >
      <div
        className="form-group"
      >
        <label
          className="form-label"
        >
          Delete
        </label>
        <h3>
          Delete Role: 
          Administrator
          ?
        </h3>
      </div>
      <button
        className="button-animation btn btn-primary"
        disabled={false}
        type="submit"
      >
        <span>
          Delete
        </span>
      </button>
    </form>
    <br />
    <div
      className="card border-danger"
    >
      <div
        className="card-body"
      >
        <div
          className="card-title h5"
        >
          Roles &gt; Administrator
        </div>
        <i
          className="fa [object Object]"
        />
          
        <a
          href="#roles"
          onClick={[Function]}
        >
          Back
        </a>
        <div
          className="table-responsive"
        >
          <table
            className="table table-sm table-striped table-bordered table-hover"
          >
            <thead>
              <tr>
                <th>
                  ID
                </th>
                <th>
                  Email
                </th>
                <th>
                  Options
                </th>
              </tr>
            </thead>
            <tbody />
          </table>
        </div>
      </div>
    </div>
  </div>
</div>
`;
